// Jest Snapshot v1, https://goo.gl/fbAQLP

exports[`CommentDialog contact form should render form correctly 1`] = `
<form
  onSubmit={undefined}
>
  <h4>
    Edit Comment
  </h4>
  <FormInputField
    inputProps={
      Object {
        "autoFocus": true,
        "component": "input",
        "type": "text",
      }
    }
    name="comment"
    placeholder="enter comment"
  />
  <button
    className="btn btn-success"
    disabled={false}
    type="submit"
  >
    Save
  </button>
  <button
    className="btn btn-default"
    disabled={false}
    onClick={[Function]}
    type="button"
  >
    Close
  </button>
</form>
`;
