// Jest Snapshot v1, https://goo.gl/fbAQLP

exports[`EditServiceDialog contact form should render form corretly 1`] = `
<form
  onSubmit={undefined}
>
  <h4>
    Add Service
  </h4>
  <button
    className="btn btn-success"
    disabled={false}
    type="submit"
  >
    Save
  </button>
  <button
    className="btn btn-default"
    disabled={false}
    onClick={[Function]}
    type="button"
  >
    Close
  </button>
</form>
`;
