// Jest Snapshot v1, https://goo.gl/fbAQLP

exports[`EditServiceDialog contact form should render form corretly 1`] = `
<form
  onSubmit={undefined}
>
  <FormInputField
    inputProps={
      Object {
        "autoFocus": true,
        "component": "input",
        "type": "text",
      }
    }
    label="Name"
    name="name"
  />
  <FormInputField
    inputProps={
      Object {
        "component": "input",
        "type": "text",
      }
    }
    label="Group"
    name="group"
  />
  <FormInputField
    inputProps={
      Object {
        "component": "input",
        "type": "text",
      }
    }
    label="Environments"
    name="environments"
    placeholder="Env1, Env2, Env3"
  />
  <button
    className="btn btn-danger"
    disabled={false}
    onClick={undefined}
    type="button"
  >
    Delete
  </button>
  <div
    style={
      Object {
        "float": "right",
      }
    }
  >
    <button
      className="btn btn-success"
      disabled={false}
      type="submit"
    >
      Save
    </button>
  </div>
</form>
`;
